Usage: huaweicli [--cloud-env HUAWEI_CLOUD_ENV] [--access-key HUAWEI_ACCESS_KEY] [--secret HUAWEI_SECRET] [--region-id HUAWEI_REGION] [--project-id HUAWEI_PROJECT] [--help] [--debug] <SUBCOMMAND> ...

